// Jest Snapshot v1, https://goo.gl/fbAQLP

exports[`New Task tests NewTask renders 1`] = `
<ContextConsumer>
  <Component />
</ContextConsumer>
`;
