// Jest Snapshot v1, https://goo.gl/fbAQLP

exports[`Display Tasks tests Display Tasks renders 1`] = `
<ContextConsumer>
  <Component />
</ContextConsumer>
`;
